// Jest Snapshot v1, https://goo.gl/fbAQLP

exports[`Routes component should match snapshot 1`] = `
<Switch>
  <Layout>
    <Route>
      <Switch>
        <Route
          component={[Function]}
          exact={true}
          path="/nyttop"
        />
        <Route
          exact={true}
          path="/science/hot"
          render={[Function]}
        />
        <Route
          path="/science/hot/:idArticle"
          render={[Function]}
        />
        <Route
          exact={true}
          path="/science/all"
          render={[Function]}
        />
        <Route
          path="/science/all/:idArticle"
          render={[Function]}
        />
        <Route
          exact={true}
          path="/technology/hot"
          render={[Function]}
        />
        <Route
          path="/technology/hot/:idArticle"
          render={[Function]}
        />
        <Route
          exact={true}
          path="/technology/all"
          render={[Function]}
        />
        <Route
          path="/technology/all/:idArticle"
          render={[Function]}
        />
        <Route
          exact={true}
          path="/health/hot"
          render={[Function]}
        />
        <Route
          path="/health/hot/:idArticle"
          render={[Function]}
        />
        <Route
          exact={true}
          path="/health/all"
          render={[Function]}
        />
        <Route
          path="/health/all/:idArticle"
          render={[Function]}
        />
        <Route
          exact={true}
          path="/politics/hot"
          render={[Function]}
        />
        <Route
          path="/politics/hot/:idArticle"
          render={[Function]}
        />
        <Route
          exact={true}
          path="/politics/all"
          render={[Function]}
        />
        <Route
          path="/politics/all/:idArticle"
          render={[Function]}
        />
        <Route
          exact={true}
          path="/world/hot"
          render={[Function]}
        />
        <Route
          path="/world/hot/:idArticle"
          render={[Function]}
        />
        <Route
          exact={true}
          path="/world/all"
          render={[Function]}
        />
        <Route
          path="/world/all/:idArticle"
          render={[Function]}
        />
        <Route
          component={[Function]}
        />
      </Switch>
    </Route>
  </Layout>
</Switch>
`;
